// Jest Snapshot v1, https://goo.gl/fbAQLP

exports[`Calculator Snapshot Calculator UI matches the DOM snapshot 1`] = `null`;
